// Jest Snapshot v1, https://goo.gl/fbAQLP

exports[`matches snapshot 1`] = `
<DocumentFragment>
  <div
    class="MuiPaper-root MuiPaper-elevation MuiPaper-rounded MuiPaper-elevation1 MuiCard-root css-165pmne-MuiPaper-root-MuiCard-root"
  >
    <div
      class="MuiBox-root css-j7qwjs"
    >
      <div
        class="MuiCardContent-root css-46bh2p-MuiCardContent-root"
      >
        <div
          class="MuiTypography-root MuiTypography-h5 css-ag7rrr-MuiTypography-root"
        >
          testcoin
        </div>
        <p
          class="MuiTypography-root MuiTypography-body1 css-9eg9l8-MuiTypography-root"
        >
          TC
        </p>
        <p
          class="MuiTypography-root MuiTypography-body2 css-e784if-MuiTypography-root"
        >
          Current Price: $1
        </p>
        <p
          class="MuiTypography-root MuiTypography-body2 css-e784if-MuiTypography-root"
        >
          Market Cap: $10
        </p>
      </div>
    </div>
    <div
      class="MuiBox-root css-0"
    >
      <button
        class="MuiButtonBase-root MuiIconButton-root MuiIconButton-sizeMedium css-78trlr-MuiButtonBase-root-MuiIconButton-root"
        tabindex="0"
        type="button"
      >
        <svg
          aria-hidden="true"
          aria-label="Pin to Watchlist"
          class="MuiSvgIcon-root MuiSvgIcon-fontSizeMedium css-1x8ha6j-MuiSvgIcon-root"
          data-mui-internal-clone-element="true"
          data-testid="PushPinOutlinedIcon"
          focusable="false"
          viewBox="0 0 24 24"
        >
          <path
            d="M14 4v5c0 1.12.37 2.16 1 3H9c.65-.86 1-1.9 1-3V4h4m3-2H7c-.55 0-1 .45-1 1s.45 1 1 1h1v5c0 1.66-1.34 3-3 3v2h5.97v7l1 1 1-1v-7H19v-2c-1.66 0-3-1.34-3-3V4h1c.55 0 1-.45 1-1s-.45-1-1-1z"
          />
        </svg>
        <span
          class="MuiTouchRipple-root css-8je8zh-MuiTouchRipple-root"
        />
      </button>
      <button
        class="MuiButtonBase-root MuiIconButton-root MuiIconButton-sizeMedium css-78trlr-MuiButtonBase-root-MuiIconButton-root"
        tabindex="0"
        type="button"
      >
        <svg
          aria-hidden="true"
          aria-label="Add to Portfolio"
          class="MuiSvgIcon-root MuiSvgIcon-fontSizeMedium css-i4bv87-MuiSvgIcon-root"
          data-mui-internal-clone-element="true"
          data-testid="AccountBalanceWalletIcon"
          focusable="false"
          viewBox="0 0 24 24"
        >
          <path
            d="M21 18v1c0 1.1-.9 2-2 2H5c-1.11 0-2-.9-2-2V5c0-1.1.89-2 2-2h14c1.1 0 2 .9 2 2v1h-9c-1.11 0-2 .9-2 2v8c0 1.1.89 2 2 2h9zm-9-2h10V8H12v8zm4-2.5c-.83 0-1.5-.67-1.5-1.5s.67-1.5 1.5-1.5 1.5.67 1.5 1.5-.67 1.5-1.5 1.5z"
          />
        </svg>
        <span
          class="MuiTouchRipple-root css-8je8zh-MuiTouchRipple-root"
        />
      </button>
    </div>
  </div>
</DocumentFragment>
`;
