// Jest Snapshot v1, https://goo.gl/fbAQLP

exports[`matches snapshot 1`] = `
<DocumentFragment>
  <div
    class="MuiPaper-root MuiPaper-elevation MuiPaper-rounded MuiPaper-elevation1 css-1uxtu1y-MuiPaper-root"
  >
    <div
      class="MuiTableContainer-root css-1qelaid-MuiTableContainer-root"
    >
      <table
        aria-label="sticky table"
        class="MuiTable-root MuiTable-stickyHeader css-xn82ks-MuiTable-root"
      >
        <thead
          class="MuiTableHead-root css-15wwp11-MuiTableHead-root"
        >
          <tr
            class="MuiTableRow-root MuiTableRow-head css-1q1u3t4-MuiTableRow-root"
          >
            <th
              class="MuiTableCell-root MuiTableCell-head MuiTableCell-stickyHeader MuiTableCell-sizeMedium css-y8ay40-MuiTableCell-root"
              scope="col"
            />
            <th
              class="MuiTableCell-root MuiTableCell-head MuiTableCell-stickyHeader MuiTableCell-sizeMedium css-y8ay40-MuiTableCell-root"
              scope="col"
            />
            <th
              class="MuiTableCell-root MuiTableCell-head MuiTableCell-stickyHeader MuiTableCell-sizeMedium css-y8ay40-MuiTableCell-root"
              scope="col"
            >
              Name
            </th>
            <th
              class="MuiTableCell-root MuiTableCell-head MuiTableCell-stickyHeader MuiTableCell-sizeMedium css-y8ay40-MuiTableCell-root"
              scope="col"
            >
              Symbol
            </th>
            <th
              class="MuiTableCell-root MuiTableCell-head MuiTableCell-stickyHeader MuiTableCell-alignCenter MuiTableCell-sizeMedium css-dwuj3p-MuiTableCell-root"
              scope="col"
            >
              Current Price
            </th>
            <th
              class="MuiTableCell-root MuiTableCell-head MuiTableCell-stickyHeader MuiTableCell-alignCenter MuiTableCell-sizeMedium css-dwuj3p-MuiTableCell-root"
              scope="col"
            >
              Market Cap
            </th>
            <th
              class="MuiTableCell-root MuiTableCell-head MuiTableCell-stickyHeader MuiTableCell-alignCenter MuiTableCell-sizeMedium css-dwuj3p-MuiTableCell-root"
              scope="col"
            >
              24Hr Volume
            </th>
            <th
              class="MuiTableCell-root MuiTableCell-head MuiTableCell-stickyHeader MuiTableCell-alignCenter MuiTableCell-sizeMedium css-dwuj3p-MuiTableCell-root"
              scope="col"
            >
              Fully Diluted Valuation
            </th>
            <th
              class="MuiTableCell-root MuiTableCell-head MuiTableCell-stickyHeader MuiTableCell-alignCenter MuiTableCell-sizeMedium css-dwuj3p-MuiTableCell-root"
              scope="col"
            >
              Circulating Supply
            </th>
            <th
              class="MuiTableCell-root MuiTableCell-head MuiTableCell-stickyHeader MuiTableCell-alignCenter MuiTableCell-sizeMedium css-dwuj3p-MuiTableCell-root"
              scope="col"
            >
              Total Supply
            </th>
            <th
              class="MuiTableCell-root MuiTableCell-head MuiTableCell-stickyHeader MuiTableCell-alignCenter MuiTableCell-sizeMedium css-dwuj3p-MuiTableCell-root"
              scope="col"
            >
              Max Supply
            </th>
          </tr>
        </thead>
        <tbody
          class="MuiTableBody-root css-apqrd9-MuiTableBody-root"
        />
      </table>
    </div>
  </div>
</DocumentFragment>
`;
